Command: vcs -full64 -sverilog -debug_access+all -kdb -l compile.log -f flist.f
                         Chronologic VCS (TM)
       Version T-2022.06-SP2_Full64 -- Sun May  3 02:54:19 2026

                    Copyright (c) 1991 - 2022 Synopsys, Inc.
   This software and the associated documentation are proprietary to Synopsys,
 Inc. This software may only be used in accordance with the terms and conditions
 of a written license agreement with Synopsys, Inc. All other use, reproduction,
   or distribution of this software is strictly prohibited.  Licensed Products
     communicate with Synopsys servers for the purpose of providing software
    updates, detecting software piracy and verifying that customers are using
    Licensed Products in conformity with the applicable License Key for such
  Licensed Products. Synopsys will use information gathered in connection with
    this process to deliver software updates and pursue software pirates and
                                   infringers.

 Inclusivity & Diversity - Visit SolvNetPlus to read the "Synopsys Statement on
            Inclusivity and Diversity" (Refer to article 000036315 at
                        https://solvnetplus.synopsys.com)

Parsing design file 'mem_pkg.sv'
Parsing design file 'mem_if.sv'
Parsing design file 'my_mem.sv'
Parsing design file 'program_test.sv'
Parsing design file 'top.sv'
Top Level Modules:
       top
No TimeScale specified
Notice: Ports coerced to inout, use -notice for details
Starting vcs inline pass...

4 modules and 0 UDP read.
recompiling module mem_if
recompiling module test
Both modules done.
	However, due to incremental compilation, only 2 modules need to be compiled. 
rm -f _cuarc*.so _csrc*.so pre_vcsobj_*.so share_vcsobj_*.so
if [ -x ../simv ]; then chmod a-x ../simv; fi
g++  -o ../simv      -rdynamic  -Wl,-rpath='$ORIGIN'/simv.daidir -Wl,-rpath=./simv.daidir \
-Wl,-rpath=/usr/synopsys/vcs/T-2022.06-SP2/linux64/lib -L/usr/synopsys/vcs/T-2022.06-SP2/linux64/lib \
-Wl,-rpath-link=./  /usr/lib64/libnuma.so.1   objs/amcQw_d.o   _34916_archive_1.so \
_prev_archive_1.so  SIM_l.o      rmapats_mop.o rmapats.o rmar.o rmar_nd.o  rmar_llvm_0_1.o \
rmar_llvm_0_0.o            -lvirsim -lerrorinf -lsnpsmalloc -lvfs    -lvcsnew -lsimprofile \
-luclinative /usr/synopsys/vcs/T-2022.06-SP2/linux64/lib/vcs_tls.o   -Wl,-whole-archive \
-lvcsucli    -Wl,-no-whole-archive        _vcs_pli_stub_.o   /usr/synopsys/vcs/T-2022.06-SP2/linux64/lib/vcs_save_restore_new.o \
/usr/synopsys/verdi/T-2022.06-SP2/share/PLI/VCS/LINUX64/pli.a -ldl  -lc -lm -lpthread \
-ldl 
../simv up to date
CPU time: .679 seconds to compile + .434 seconds to elab + .330 seconds to link
Verdi KDB elaboration done and the database successfully generated: 0 error(s), 0 warning(s)
